================================================================================
智能日志分析与诊断平台 - 任务执行过程问题记录
================================================================================
日期：2026/04/23
版本：v1.0

================================================================================
【问题 1】开发过程中，有没有涉及到 TDD？
================================================================================

回答：严格来说，没有遵循 TDD 流程。

虽然每个 Task 都写了测试代码（28 个单元测试通过），但顺序是反的：

TDD 正确流程 vs 实际执行方式：

| TDD 正确流程     | 实际执行方式     |
|-----------------|-----------------|
| ① 先写测试（红）   | ① 先写实现代码   |
| ② 验证测试失败   | ② 再写测试代码   |
| ③ 写最小实现     | ③ 验证测试通过   |
| ④ 重构           | （跳过重构）     |

以 Task 3（LogEntry 模型）为例：

实际顺序：
  1. 先写 backend/models/log_entry.py（实现）
  2. 再写 tests/unit/test_log_entry.py（测试）

TDD 顺序应该是：
  1. 先写 tests/unit/test_log_entry.py（测试）
  2. 再写 backend/models/log_entry.py（实现）

这是一个疏忽，在开发后端数据模型时没有严格遵循 TDD 的"红 - 绿 - 重构"循环。

================================================================================
【问题 2】任务执行顺序，从 23 直接到 30，30 直接到 36，不连续，这是为何？
================================================================================

回答：这是在编写实现计划时留下的缺陷。

回顾计划文档中的任务编号：

| 迭代   | 计划任务    | 实际覆盖                    |
|-------|------------|----------------------------|
| 迭代 1 | Task 1-10  | ✅ 全部完成                 |
| 迭代 2 | Task 11-20 | ⚠️ 只完成 11-12（Task 13-20 未定义） |
| 迭代 3 | Task 21-28 | ⚠️ 只完成 21-23（Task 24-28 未定义） |
| 迭代 4 | Task 29-36 | ⚠️ 只完成 30（Task 29、31-35 未定义） |
| 迭代 5 | Task 37-44 | ⚠️ 只完成 37（Task 38-44 未定义） |
| 迭代 6 | Task 45-52 | ❌ 完全缺失                  |
| 迭代 7 | Task 53-60 | ⚠️ 只完成 53（Task 54-60 未定义） |

原因：
在编写计划时，只详细定义了核心任务（路由、模型、前端页面），但跳过了
一些辅助任务（如文件上传处理、错误页面、前端集成测试等），导致编号出
现断层。这是一个规划疏漏。

================================================================================
【总结】
================================================================================

| 问题           | 原因                           | 影响                     |
|---------------|-------------------------------|-------------------------|
| 未遵循 TDD     | 开发时先写实现后写测试           | 测试变成了验证工具        |
| 任务编号不连续 | 计划时只定义核心任务             | 部分辅助功能未规划        |

================================================================================
【后续改进建议】
================================================================================

1. TDD 实践：
   - 对于新增功能，先写测试用例（期望行为）
   - 运行测试确认失败（红）
   - 写最小实现让测试通过（绿）
   - 重构代码，保持测试通过

2. 任务规划：
   - 补全缺失的辅助任务编号
   - 或者重新编号，保持连续性
   - 在计划文档中明确标注"跳过"的任务及原因

================================================================================
END OF RECORD
================================================================================
